LSS-HASHES
Hash: SHA256

e8a0083ca3f9eef9d664cde1eaf5a303c8e73fddedb219d31d976fe3970b6b17   PACKAGEDATA
765771d93958be89e1cae97cad7e8039cd02d2ca1cbcb5796409baeb056c57d7   files.lst
e809d146061f97d2a231a284e454aabe4543fbd43591bbc3a77c9cf7e6ab726c   script.pm
937fb8236d6249f88f44e3f661409273bd0cf399c8e168e5221c4d02315f1505   examples/ado.net/DemoSetup/AssemblyInfo.cs
88b4e06615e0019d479a52b4b0b332286870c19cf34d30249ede13e5f269b4f7   examples/ado.net/DemoSetup/ClothVisor.jpg
4db71175f7a29010bd2b08ef4af08f2582b5d2881382a7067959cde2a61f6f59   examples/ado.net/DemoSetup/CottonCap.jpg
0fa4a261b14e46d571d7831c41366daa96c217855e9f7ee8095aa3eaad09f465   examples/ado.net/DemoSetup/CottonShorts.jpg
d2e7efec34d93f713f414093ad0bf5b4d2ca1ce6f4310664f4a210423cbc5d25   examples/ado.net/DemoSetup/CrewNeck.jpg
daebba1451dfa903c798195ed65d61b7d67fb8edf8f8707dfff917f2135dd189   examples/ado.net/DemoSetup/DemoSetup.Designer.cs
065a46ba47f255791b4911f729a5ce69e74b5a579ef87dcea5a8e9a679f8b8a2   examples/ado.net/DemoSetup/DemoSetup.cs
a0e968670e4924f76bd1766af5a41a93b6444ff6a7993956cc2021869426e6fb   examples/ado.net/DemoSetup/DemoSetup.csproj
cbe7a23cf57abea4beca57ac456d81e11a2967d92ecffbceb7e3d7eda012789c   examples/ado.net/DemoSetup/DemoSetup.resx
aa700d651df5af90ac441b5f4927be90450083b3a6f9ade8ae77874e7d6cffb9   examples/ado.net/DemoSetup/DemoSetup.sln
d6330da671bfa53379cfc7d54ed3984a541308a065dbafeeec07a98a7105f529   examples/ado.net/DemoSetup/HoodedSweatshirt.jpg
b8f1502bf47f82d4a489e14c9d45027190c7ea89049660e72e77fa847e88c30c   examples/ado.net/DemoSetup/PlasticVisor.jpg
8a9d1d036533ce9720d3d8e47e857f08ac12d24b7f6d237d3a2c7a203abdbc81   examples/ado.net/DemoSetup/TankTop.jpg
7544267d1e1b609b396024e2419cc17346d9291c1a0fbd30eadf994d50fa02bf   examples/ado.net/DemoSetup/V-Neck.jpg
5f758d59de08ce5b32c7f2135c2ecb2597c4d49fdcde773827045a0fe8fdc410   examples/ado.net/DemoSetup/WoolCap.jpg
9df4915384749bba9580c38941b236b6d25dc97606f770faa6e177f7540eb89e   examples/ado.net/DemoSetup/ZippedSweatshirt.jpg
14671e1633b1e95d3b8514b58d582dc5c51774472d0b248c47e67797d2fba7c7   examples/ado.net/DemoSetup/mkdemo.sql
ddd89c35d913c107bf79717d19f285e19b71dbd5386da66ee2b0195f24876161   examples/ado.net/DemoSetup/readme.txt
f67996f0afc7265d8812724496b04867278a23ab5758b13d69022b96e72e6da4   examples/ado.net/DemoSetup/undemo.sql
0507cfa874ba097fca9a88a02574cb1ca14f351c4292c8795fbf25f6546cbd92   examples/ado.net/SyncViewer/AssemblyInfo.cs
cb813b949f4c4111d17ea789b28cd9b95c241cb66bee508bc1675d81a50b4c9d   examples/ado.net/SyncViewer/DataSet1.Designer.cs
b4c17362f29f627ac0567d387e331f55369276141658efbe2df28bc6d4745ea6   examples/ado.net/SyncViewer/DataSet1.xsc
9d5edb749d222bcda46fea961a0ee2b53fdd2cbdb864120ce142fa26d09a7502   examples/ado.net/SyncViewer/DataSet1.xsd
f1945cd6c19e56b3c1c78943ef5ec18116907a4ca1efc40a57d48ab1db7adfc5   examples/ado.net/SyncViewer/DataSet1.xss
44a4656d9268a151d1e1999a3880d7c232f45a9fa7971f9e0ecf5b204d962491   examples/ado.net/SyncViewer/Form1.Designer.cs
8b3d93064c48285fecb7544b5d69f09fa81e929794b4d3454bf7078dab71ad39   examples/ado.net/SyncViewer/Form1.cs
6716d3db76d58ec652065dd603a21c4a470abf30fe07e4b8c725322ed37ce80b   examples/ado.net/SyncViewer/Form1.resx
f231bcdbd1538d9796c4455a61c69e6aeeff02c0bc6eba8955cea311085a9938   examples/ado.net/SyncViewer/Program.cs
7bedc2e0aced0294478cb603c625c853ab51894506822d1d92642882ed662007   examples/ado.net/SyncViewer/Resources.Designer.cs
4e124f5a7694ffe813c60601b1b73c53e47536b1f1c0e798d4d55bfc2ca3774f   examples/ado.net/SyncViewer/Resources.resx
a76798191138fdcf7ff48996ba4d2dcab9386253e7835a210ee0de5ff42ad89d   examples/ado.net/SyncViewer/Settings.Designer.cs
bb9485a671d4e44011ff39dd077bd13d7f6b78fd9b2d5d94e8fc84c170e788b0   examples/ado.net/SyncViewer/Settings.cs
0077850f9fb94f260a28f000a8cdc9e390be8cb387f17ef970689035e4f66671   examples/ado.net/SyncViewer/Settings.settings
f5cc2a822c3f06114ec5d74ca1d1ad94e4b2d5e854e5462a5fe78c31feb0d6bc   examples/ado.net/SyncViewer/SyncViewer.csproj
b06b19697d50b64cb037b26fc1a324aa748e25f922b2817c75e39e053504084a   examples/ado.net/SyncViewer/SyncViewer.sln
5b5eaf5cbfb33c1de024396a5a11c20a111ecc28ed52fbf2c538176bfe1acabd   examples/ado.net/SyncViewer/app.config
382cd3997832491be248e19daf00e5881057c7a0818af23649341a2b97e12527   examples/ado.net/TableEditor/App.ico
b16dab861fe0ed12fc90409b0821f88143c23b18088e905b5f113d1cb59252ee   examples/ado.net/TableEditor/AssemblyInfo.cs
0326013948fbe9e437db29515f55862ee7b8915b42abeb02692a4ae351215e39   examples/ado.net/TableEditor/TableEditor.cs
b2b0ca438ca804a578538ae2674c7c013fac2bc9945db7676c7305ccd84880d1   examples/ado.net/TableEditor/TableEditor.csproj
f601cd30780a3718d8ce6966c3857d6b2ffaf47c1034bf4c0b6795c674296cb4   examples/ado.net/TableEditor/TableEditor.resx
08ee5d1a34d2a8218d4bb6e344ebdea7d7ea7ac3d9157bf47e9be84a3cc8f779   examples/ado.net/TableEditor/TableEditor.sln
382cd3997832491be248e19daf00e5881057c7a0818af23649341a2b97e12527   examples/ado.net/TableViewer/App.ico
b16dab861fe0ed12fc90409b0821f88143c23b18088e905b5f113d1cb59252ee   examples/ado.net/TableViewer/AssemblyInfo.cs
c3bb58df99198f3d42ef651f2fd652075ec63842d017f6fa51e1fee3de661e60   examples/ado.net/TableViewer/TableViewer.cs
818e13751c0bd9d5c143e86d51248cd314fbe887bd2225ed028dd088f666e5b4   examples/ado.net/TableViewer/TableViewer.csproj
f601cd30780a3718d8ce6966c3857d6b2ffaf47c1034bf4c0b6795c674296cb4   examples/ado.net/TableViewer/TableViewer.resx
0213108a712ddb8528921301548fa59710674a765db1d558fcac00e7cf15be52   examples/ado.net/TableViewer/TableViewer.sln
4b0a966e8ae1355d47d63d3ddfaf41072be24c1b71a6442d92f468f8a9651c28   examples/ado.net/readme.txt
6433815490d34ad35c7e9b91a934502ce6f73474e16a5138674e2c8fdf5158f2   examples/dotnetcore/Example1/Example1.csproj
395359768285d5f5f1f7983f2ef75170650ac81872280877a0da450e0c64ed1d   examples/dotnetcore/Example1/Program.cs
6433815490d34ad35c7e9b91a934502ce6f73474e16a5138674e2c8fdf5158f2   examples/dotnetcore/Example2/Example2.csproj
f7a0fffb3db457f91fb13ee4436b04a89de545e98125b821392d4f49e004aa6c   examples/dotnetcore/Example2/Program.cs
6d5ee97bdcc11bbd24487f7a43eade11b73d2828ffd3545ce60b1ac9b0672a8a   examples/dotnetcore/Example3/Example3.csproj
8b90e3a73a00bbd16972c619d003010c1ffb3aeb10bd3c1c74cbb0664ce7141a   examples/dotnetcore/Example3/Program.cs
ac19b0f4ac24a6372eccdd2432009417af4c0399d6ded2e03fd8c27ccec5080c   examples/dotnetcore/readme.txt
820a9a2762c31b6167b54c167ed3fbaa35e366c7db68825f12475b8126a48b28   examples/golang/src/lobs/lob_examples.go
9b1e3092ed2fb9a64a02c28c4cf962511c23233abc7a86998a279e9adf2b885a   examples/golang/src/statement/statement_examples.go
be32a382f6424b4430af2a015b9b76cf856bd0bc23707ca514c971517b0ed19a   examples/golang/src/transactions/transaction_examples.go
91662fbcdc4bdc052d9788bd2e5024ac8685789be7e6ea9a7981c6d4793eb1dc   examples/golang/src/vendor_errors/error_examples.go
7b63c67f578c116049781a826a35ea3fa7bb6517e53130f8bd96878c1470623b   examples/node/app1.js
ab3d41a353dc280441dc02b23e1f36bdfdeb72ab49dd62e749efe1d1e0ffb180   examples/node/app2.js
26b9c5abe87b1dad28c84d331f3303f3295bf8cb7dfe8f9e7ac4ff0b0c829f06   examples/node/app3.js
c42167ee8313662faf4fa32cc3a18a6a0e04ce92833c67b3cd64c366f0df4d1e   examples/node/readme.txt
a9071c7206e89e7906cd64157ebac14c422196f69ac66ca2520793a3a4c10b1d   examples/readme.txt
