LSS-HASHES
Hash: SHA256

63448d5a77bad3ebd52f66796972cd24cc7234c9292ad38206fedc9915154d2c   PACKAGEDATA
106bddc2d9705794caf996458ad0fb5b6341ae088bb0f4362f2a0ae61fd2b523   files.lst
e809d146061f97d2a231a284e454aabe4543fbd43591bbc3a77c9cf7e6ab726c   script.pm
97a436fd8bc0789be8404dc04c68052c2b75d9f229f5baae58e47573581c1a0a   golang/src/SAP/go-hdb/driver/connection.go
fd0c67fc05984299d5636ce9688b8398292ee30bfc6678729671ca6126e81b26   golang/src/SAP/go-hdb/driver/defaults.go
18e268df83312f8f80901cfbc91f1fce163f1cae4d7e2faa82f738f0212c52b1   golang/src/SAP/go-hdb/driver/driver.go
c5218cf962ed41cc84cb02d24cb3d15c2d17a05fb11aefc7a94f1ee3972a5213   golang/src/SAP/go-hdb/driver/driver_errors.go
ac6503061d228c91a2fbff8c803d288669c4152e71584650d70042584e5b42dc   golang/src/SAP/go-hdb/driver/dsn.go
e718ebe002f7826fcc7873a3e23c76285cc05dc92ecdfa9da194666dc2c4aea5   golang/src/SAP/go-hdb/driver/error.go
638b698907810c44626bc2573246ffda72cf70a0bffc4bc6a7b9b5713821416b   golang/src/SAP/go-hdb/driver/includes/DBCAPI.h
b1312175e5747732b7022ee7a98d0daa77b60918db196b5bfe1be4da1de69aba   golang/src/SAP/go-hdb/driver/includes/DBCAPI_DLL.h
72423b1b6bcebbfb31c176d5f3b30e93be19f0dd200fc52d1abb0b14c4144a2b   golang/src/SAP/go-hdb/driver/internal/api/api.go
75d4b825569c9b42141e7315f6f5063b227776b3299275cb63df64cc8004aeb9   golang/src/SAP/go-hdb/driver/internal/api/binddata.go
386c9487588d88e5ca0b8e41e752d469a5c24b3a6eac62aa0b1c77929eb27cc3   golang/src/SAP/go-hdb/driver/internal/api/columninfo.go
8b6ddf938474b6490955ec54bb46cf50d373ff1ad4438341bd480d3759808de1   golang/src/SAP/go-hdb/driver/internal/api/connection.go
3296de46ce6e7547b9e9487f32d9ee3bac435a150e2cb44a8d176b4bf58f9945   golang/src/SAP/go-hdb/driver/internal/api/datainfo.go
f5afc422537984617787e1f34e546b5d4e02be1ef99cad6ee3b10555d74852dd   golang/src/SAP/go-hdb/driver/internal/api/datatype.go
5e1b4adacca15e36ac65ca655e2b55f29c1b681fa06382deb7866bb1e12ad7b9   golang/src/SAP/go-hdb/driver/internal/api/datavalue.go
8e9949ffedee4fc033381be36a27ead996ae4f35df231ec7d7fc35de92b9f960   golang/src/SAP/go-hdb/driver/internal/api/diagnosticrecord.go
86a61d0fd70fdb2908a7a5375f07073814e782821549b93c964d0b42c81ea2fd   golang/src/SAP/go-hdb/driver/internal/api/functioncode.go
ffb7e9b84d9dfc9f1a6969d54837ec816207a6df78728ec4f83443effae6d4e4   golang/src/SAP/go-hdb/driver/internal/api/nativetype.go
367a3e0550c4b65e871d3be7c15e53a5f11772c0682c7da01a8fbd64b2eaa0bd   golang/src/SAP/go-hdb/driver/internal/api/paramdatadirection.go
469851079b893cab897b3a776c184f43be9757c3bd78b04aa28ef52beacf235d   golang/src/SAP/go-hdb/driver/internal/api/parameterinfo.go
784752b06f4572d23c052dffb4050c6edce3011c3ca91520c978c10e3296c926   golang/src/SAP/go-hdb/driver/internal/api/statement.go
96455aa3fb24b8dfebcb0b40b86bdaf44a3d0ea4c38e56f5e6fb0a1cf6cf7992   golang/src/SAP/go-hdb/driver/internal/api/warning.go
7d5149d215dfadf59d4af37688f2ba30e211743862bb70b31653116812d4a2d8   golang/src/SAP/go-hdb/driver/internal/cstd/allocator.go
301b4ce0147c444c173a84daea108a49e796c7e9674311670538a18b382dbfbc   golang/src/SAP/go-hdb/driver/internal/cstd/primitives.go
bc36eb04a391bd0814bde860135ad285ed085b0a383868e3ea14a0e13c59a140   golang/src/SAP/go-hdb/driver/internal/cstd/stdlib.go
962f485124550d65af70a21084bbe6ce343e77f116da91d1d979bb993db33e2e   golang/src/SAP/go-hdb/driver/internal/cstd/string.go
a095369aff5f40363577bf64e2365d1e8407c9fbf58338192ebc23c47dec3456   golang/src/SAP/go-hdb/driver/lob.go
a2177e298c2a5cb9b6f6d2e45a5141831ce8e1bdf9bc364caafa7abfbeabf595   golang/src/SAP/go-hdb/driver/rows.go
fbdfa23e5ba919e2b533b7b8c6beb6ba9d0b021f1ede87c2a05b5a61eddfcc68   golang/src/SAP/go-hdb/driver/statement.go
